<html>
<body>
<pre>
<h1>礦ision Build Log</h1>
<h2>Tool Versions:</h2>
IDE-Version: μVision V5.36.0.0
Copyright (C) 2021 ARM Ltd and ARM Germany GmbH. All rights reserved.
License Information: Lenovo,  , LIC=----
 
Tool Versions:
Toolchain:       MDK-Lite  Version: 5.36.0.0
Toolchain Path:  C:\Keil_v5\ARM\ARMCC\Bin
C Compiler:      Armcc.exe V5.06 update 7 (build 960)
Assembler:       Armasm.exe V5.06 update 7 (build 960)
Linker/Locator:  ArmLink.exe V5.06 update 7 (build 960)
Library Manager: ArmAr.exe V5.06 update 7 (build 960)
Hex Converter:   FromElf.exe V5.06 update 7 (build 960)
CPU DLL:         SARMCM3.DLL V5.36.0.0
Dialog DLL:      DCM.DLL V1.17.3.0
Target DLL:      CMSIS_AGDI.dll V1.33.0.0
Dialog DLL:      TCM.DLL V1.53.0.0
 
<h2>Project:</h2>
C:\Users\Lenovo\Desktop\操作部 - 副本\Project\RVMDK（uv5）\iSO-STM32.uvprojx
Project File Date:  05/12/2026

<h2>Output:</h2>
*** Using Compiler 'V5.06 update 7 (build 960)', folder: 'C:\Keil_v5\ARM\ARMCC\Bin'
Build target 'WF-ESP8266'
compiling bsp_esp8266_test.c...
..\..\User\ESP8266\bsp_esp8266.h(114): warning:  #1-D: last line of file ends without a newline
  #endif
..\..\User\ESP8266\bsp_esp8266_test.c(12): warning:  #47-D: incompatible redefinition of macro "LED1_ON"  (declared at line 40 of "..\..\User\ESP8266\bsp_esp8266_test.h")
  #define LED1_ON     GPIO_ResetBits(GPIOA, GPIO_Pin_1)
..\..\User\ESP8266\bsp_esp8266_test.c(13): warning:  #47-D: incompatible redefinition of macro "LED1_OFF"  (declared at line 41 of "..\..\User\ESP8266\bsp_esp8266_test.h")
  #define LED1_OFF    GPIO_SetBits(GPIOA, GPIO_Pin_1)
..\..\User\ESP8266\bsp_esp8266_test.c: 3 warnings, 0 errors
linking...
Program Size: Code=17312 RO-data=336 RW-data=80 ZI-data=2200  
FromELF: creating hex file...
"..\..\Output\Template.axf" - 0 Error(s), 3 Warning(s).

<h2>Software Packages used:</h2>

Package Vendor: Keil
                http://www.keil.com/pack/Keil.STM32F1xx_DFP.2.3.0.pack
                Keil.STM32F1xx_DFP.2.3.0
                STMicroelectronics STM32F1 Series Device Support, Drivers and Examples

<h2>Collection of Component include folders:</h2>
  C:\Users\Lenovo\AppData\Local\Arm\Packs\Keil\STM32F1xx_DFP\2.3.0\Device\Include

<h2>Collection of Component Files used:</h2>
Build Time Elapsed:  00:00:00
</pre>
</body>
</html>
